
> cobrix-qr@0.1.0 build
> next build

Ôû▓ Next.js 16.2.9 (Turbopack)

  Creating an optimized production build ...
Ô£ô Compiled successfully in 15.5s
  Running TypeScript ...
  Finished TypeScript in 14.5s ...
  Collecting page data using 3 workers ...
  Generating static pages using 3 workers (0/10) ...
  Generating static pages using 3 workers (2/10) 
  Generating static pages using 3 workers (4/10) 
  Generating static pages using 3 workers (7/10) 
Ô£ô Generating static pages using 3 workers (10/10) in 980ms
  Finalizing page optimization ...

Route (app)
Ôöî Ôùï /
Ôö£ Ôùï /_not-found
Ôö£ ãÆ /api/checkout
Ôö£ ãÆ /api/merchants
Ôö£ ãÆ /api/storage-status
Ôö£ ãÆ /api/stripe-webhook
Ôö£ Ôùï /landing
Ôö£ Ôùï /merchants/admin
Ôö£ ãÆ /pay/[slug]
Ôöö Ôùï /success


Ôùï  (Static)   prerendered as static content
ãÆ  (Dynamic)  server-rendered on demand

